<html>
<body>
<pre>
<h1>µVision Build Log</h1>
<h2>Project:</h2>
C:\Keil_v5\Labware\Lab5_FunctionsInC\Lab5.uvproj
Project File Date:  01/29/2020

<h2>Output:</h2>
Build target 'FunctionsInC'
linking...
Program Size: Code=4612 RO-data=840 RW-data=56 ZI-data=1656  
".\FunctionsInC.axf" - 0 Error(s), 0 Warning(s).
Load "C:\\Keil_v5\\Labware\\Lab5_FunctionsInC\\FunctionsInC.axf" 
Connecting: Mode=JTAG, Speed=1000000Hz
Erase Done.
Programming Done.
Verify OK.
JTAG, Speed=1000000Hz
Erase Done.
Programming Done.
Verify OK.
